*** Start analyzing build configuration ***
INFO: Auto-config - Scanning: C:\Users\pbuko\Desktop\SystemVerilog\projekt
INFO: Auto-config - VLOG: C:\Users\pbuko\Desktop\SystemVerilog\projekt
INFO: Auto-config - Wrote:
    .dvt\default.build.auto.1
*** List of included argument files ***
    Build configuration file:  C:\Users\pbuko\Desktop\SystemVerilog\projekt\.dvt\default.build
    -f c:\Users\pbuko\Desktop\SystemVerilog\projekt\.dvt\default.build.auto.1
*** List of invocations ***
Invocation #1 +dvt_init+dvt in c:\Users\pbuko\Desktop\SystemVerilog\projekt\.dvt\default.build.auto.1 at line 9
*** Done analyzing build configuration [960 ms] ***

*** Start SystemVerilog build ***
*** Invocation #1***
*** IMPLICIT INVOCATION - NOTHING TO COMPILE
*** Done parsing invocation #1
*** Invocation #2***
Loading (1) C:\Users\pbuko\Desktop\SystemVerilog\projekt\projekt_basys3\fpga\build\ecg_project.cache\ip\2025.2\0\b\0b9a78421fea2b2b\fir_compiler_0_stub.v ...
Done C:\Users\pbuko\Desktop\SystemVerilog\projekt\projekt_basys3\fpga\build\ecg_project.cache\ip\2025.2\0\b\0b9a78421fea2b2b\fir_compiler_0_stub.v [13 ms, 30 lines, Verilog_2001] ...
Loading (2) C:\Users\pbuko\Desktop\SystemVerilog\projekt\projekt_basys3\fpga\rtl\top_ecg_basys3.sv ...
Done C:\Users\pbuko\Desktop\SystemVerilog\projekt\projekt_basys3\fpga\rtl\top_ecg_basys3.sv [51 ms, 77 lines, SystemVerilog_2012] ...
Loading (3) C:\Users\pbuko\Desktop\SystemVerilog\projekt\projekt_basys3\rtl\adaptive_threshold.sv ...
Done C:\Users\pbuko\Desktop\SystemVerilog\projekt\projekt_basys3\rtl\adaptive_threshold.sv [21 ms, 81 lines, SystemVerilog_2012] ...
Loading (4) C:\Users\pbuko\Desktop\SystemVerilog\projekt\projekt_basys3\rtl\alarm_logger.sv ...
Done C:\Users\pbuko\Desktop\SystemVerilog\projekt\projekt_basys3\rtl\alarm_logger.sv [21 ms, 147 lines, SystemVerilog_2012] ...
Loading (5) C:\Users\pbuko\Desktop\SystemVerilog\projekt\projekt_basys3\rtl\baseline_restore.sv ...
Done C:\Users\pbuko\Desktop\SystemVerilog\projekt\projekt_basys3\rtl\baseline_restore.sv [6 ms, 37 lines, SystemVerilog_2012] ...
Loading (6) C:\Users\pbuko\Desktop\SystemVerilog\projekt\projekt_basys3\rtl\bpm_calculator.sv ...
Done C:\Users\pbuko\Desktop\SystemVerilog\projekt\projekt_basys3\rtl\bpm_calculator.sv [11 ms, 87 lines, SystemVerilog_2012] ...
Loading (7) C:\Users\pbuko\Desktop\SystemVerilog\projekt\projekt_basys3\rtl\clk_wiz_0.v ...
Done C:\Users\pbuko\Desktop\SystemVerilog\projekt\projekt_basys3\rtl\clk_wiz_0.v [2 ms, 91 lines, Verilog_2001] ...
Loading (8) C:\Users\pbuko\Desktop\SystemVerilog\projekt\projekt_basys3\rtl\clk_wiz_0_clk_wiz.v ...
Done C:\Users\pbuko\Desktop\SystemVerilog\projekt\projekt_basys3\rtl\clk_wiz_0_clk_wiz.v [7 ms, 209 lines, Verilog_2001] ...
Loading (9) C:\Users\pbuko\Desktop\SystemVerilog\projekt\projekt_basys3\rtl\delay_buffer.sv ...
Done C:\Users\pbuko\Desktop\SystemVerilog\projekt\projekt_basys3\rtl\delay_buffer.sv [5 ms, 45 lines, SystemVerilog_2012] ...
Loading (10) C:\Users\pbuko\Desktop\SystemVerilog\projekt\projekt_basys3\rtl\differentiator.sv ...
Done C:\Users\pbuko\Desktop\SystemVerilog\projekt\projekt_basys3\rtl\differentiator.sv [4 ms, 67 lines, SystemVerilog_2012] ...
Loading (11) C:\Users\pbuko\Desktop\SystemVerilog\projekt\projekt_basys3\rtl\draw_grid.sv ...
Done C:\Users\pbuko\Desktop\SystemVerilog\projekt\projekt_basys3\rtl\draw_grid.sv [7 ms, 64 lines, SystemVerilog_2012] ...
Loading (12) C:\Users\pbuko\Desktop\SystemVerilog\projekt\projekt_basys3\rtl\front_rom.sv ...
Done C:\Users\pbuko\Desktop\SystemVerilog\projekt\projekt_basys3\rtl\front_rom.sv [201 ms, 2206 lines, SystemVerilog_2012] ...
Loading (13) C:\Users\pbuko\Desktop\SystemVerilog\projekt\projekt_basys3\rtl\i2c_master.sv ...
Done C:\Users\pbuko\Desktop\SystemVerilog\projekt\projekt_basys3\rtl\i2c_master.sv [15 ms, 380 lines, SystemVerilog_2012] ...
Loading (14) C:\Users\pbuko\Desktop\SystemVerilog\projekt\projekt_basys3\rtl\moving_window_integration.sv ...
Done C:\Users\pbuko\Desktop\SystemVerilog\projekt\projekt_basys3\rtl\moving_window_integration.sv [2 ms, 55 lines, SystemVerilog_2012] ...
Loading (15) C:\Users\pbuko\Desktop\SystemVerilog\projekt\projekt_basys3\rtl\ring_buffer.sv ...
Done C:\Users\pbuko\Desktop\SystemVerilog\projekt\projekt_basys3\rtl\ring_buffer.sv [3 ms, 56 lines, SystemVerilog_2012] ...
Loading (16) C:\Users\pbuko\Desktop\SystemVerilog\projekt\projekt_basys3\rtl\rtc_clock.sv ...
Done C:\Users\pbuko\Desktop\SystemVerilog\projekt\projekt_basys3\rtl\rtc_clock.sv [3 ms, 68 lines, SystemVerilog_2012] ...
Loading (17) C:\Users\pbuko\Desktop\SystemVerilog\projekt\projekt_basys3\rtl\sampling_timer.sv ...
Done C:\Users\pbuko\Desktop\SystemVerilog\projekt\projekt_basys3\rtl\sampling_timer.sv [3 ms, 45 lines, SystemVerilog_2012] ...
Loading (18) C:\Users\pbuko\Desktop\SystemVerilog\projekt\projekt_basys3\rtl\squarer.sv ...
Done C:\Users\pbuko\Desktop\SystemVerilog\projekt\projekt_basys3\rtl\squarer.sv [1 ms, 35 lines, SystemVerilog_2012] ...
Loading (19) C:\Users\pbuko\Desktop\SystemVerilog\projekt\projekt_basys3\rtl\stemi_detector.sv ...
Done C:\Users\pbuko\Desktop\SystemVerilog\projekt\projekt_basys3\rtl\stemi_detector.sv [5 ms, 152 lines, SystemVerilog_2012] ...
Loading (20) C:\Users\pbuko\Desktop\SystemVerilog\projekt\projekt_basys3\rtl\top_ecg.sv ...
Done C:\Users\pbuko\Desktop\SystemVerilog\projekt\projekt_basys3\rtl\top_ecg.sv [9 ms, 338 lines, SystemVerilog_2012] ...
Loading (21) C:\Users\pbuko\Desktop\SystemVerilog\projekt\projekt_basys3\rtl\vga_7seg_digit.sv ...
Done C:\Users\pbuko\Desktop\SystemVerilog\projekt\projekt_basys3\rtl\vga_7seg_digit.sv [6 ms, 81 lines, SystemVerilog_2012] ...
Loading (22) C:\Users\pbuko\Desktop\SystemVerilog\projekt\projekt_basys3\rtl\vga_bpm_display.sv ...
Done C:\Users\pbuko\Desktop\SystemVerilog\projekt\projekt_basys3\rtl\vga_bpm_display.sv [4 ms, 88 lines, SystemVerilog_2012] ...
Loading (23) C:\Users\pbuko\Desktop\SystemVerilog\projekt\projekt_basys3\rtl\vga_formatter.sv ...
Done C:\Users\pbuko\Desktop\SystemVerilog\projekt\projekt_basys3\rtl\vga_formatter.sv [2 ms, 43 lines, SystemVerilog_2012] ...
Loading (24) C:\Users\pbuko\Desktop\SystemVerilog\projekt\projekt_basys3\rtl\vga_if.sv ...
Done C:\Users\pbuko\Desktop\SystemVerilog\projekt\projekt_basys3\rtl\vga_if.sv [3 ms, 32 lines, SystemVerilog_2012] ...
Loading (25) C:\Users\pbuko\Desktop\SystemVerilog\projekt\projekt_basys3\rtl\vga_text_renderer.sv ...
Done C:\Users\pbuko\Desktop\SystemVerilog\projekt\projekt_basys3\rtl\vga_text_renderer.sv [4 ms, 73 lines, SystemVerilog_2012] ...
Loading (26) C:\Users\pbuko\Desktop\SystemVerilog\projekt\projekt_basys3\sim\common\tiff_writer.sv ...
Done C:\Users\pbuko\Desktop\SystemVerilog\projekt\projekt_basys3\sim\common\tiff_writer.sv [19 ms, 405 lines, SystemVerilog_2012] ...
Loading (27) C:\Users\pbuko\Desktop\SystemVerilog\projekt\projekt_basys3\sim\stemi\stemi_tb.sv ...
Done C:\Users\pbuko\Desktop\SystemVerilog\projekt\projekt_basys3\sim\stemi\stemi_tb.sv [8 ms, 189 lines, SystemVerilog_2012] ...
Loading (28) C:\Users\pbuko\Desktop\SystemVerilog\projekt\projekt_basys3\sim\tb_pan_tompkins\tb_pan_tompkins.sv ...
Done C:\Users\pbuko\Desktop\SystemVerilog\projekt\projekt_basys3\sim\tb_pan_tompkins\tb_pan_tompkins.sv [4 ms, 113 lines, SystemVerilog_2012] ...
Loading (29) C:\Users\pbuko\Desktop\SystemVerilog\projekt\projekt_basys3\sim\top_fpga\top_fpga_tb.sv ...
Done C:\Users\pbuko\Desktop\SystemVerilog\projekt\projekt_basys3\sim\top_fpga\top_fpga_tb.sv [4 ms, 108 lines, SystemVerilog_2012] ...
Loading (30) C:\Users\pbuko\Desktop\SystemVerilog\projekt\projekt_basys3\sim\top_vga\top_vga_tb.sv ...
Done C:\Users\pbuko\Desktop\SystemVerilog\projekt\projekt_basys3\sim\top_vga\top_vga_tb.sv [2 ms, 106 lines, SystemVerilog_2012] ...
Loading (31) C:\Users\pbuko\Desktop\SystemVerilog\projekt\projekt_basys3\rtl\vga_pkg.sv ...
Done C:\Users\pbuko\Desktop\SystemVerilog\projekt\projekt_basys3\rtl\vga_pkg.sv [2 ms, 30 lines, SystemVerilog_2012] ...
Loading (32) C:\Users\pbuko\Desktop\SystemVerilog\projekt\projekt_basys3\sim\vga_timing\vga_timing_tb.sv ...
Done C:\Users\pbuko\Desktop\SystemVerilog\projekt\projekt_basys3\sim\vga_timing\vga_timing_tb.sv [4 ms, 104 lines, SystemVerilog_2012] ...
Loading (33) C:\Users\pbuko\Desktop\SystemVerilog\projekt\projekt_basys3\rtl\vga_ui_manager.sv ...
Done C:\Users\pbuko\Desktop\SystemVerilog\projekt\projekt_basys3\rtl\vga_ui_manager.sv [16 ms, 280 lines, SystemVerilog_2012] ...
Loading (34) C:\Users\pbuko\Desktop\SystemVerilog\projekt\projekt_basys3\rtl\vga_timing.sv ...
Done C:\Users\pbuko\Desktop\SystemVerilog\projekt\projekt_basys3\rtl\vga_timing.sv [1 ms, 67 lines, SystemVerilog_2012] ...
Loading (35) C:\Users\pbuko\Desktop\SystemVerilog\projekt\projekt_basys3\rtl\render_signal.sv ...
Done C:\Users\pbuko\Desktop\SystemVerilog\projekt\projekt_basys3\rtl\render_signal.sv [4 ms, 89 lines, SystemVerilog_2012] ...
Loading (36) C:\Users\pbuko\Desktop\SystemVerilog\projekt\projekt_basys3\rtl\draw_mouse.sv ...
Done C:\Users\pbuko\Desktop\SystemVerilog\projekt\projekt_basys3\rtl\draw_mouse.sv [2 ms, 43 lines, SystemVerilog_2012] ...
Loading (37) C:\Users\pbuko\Desktop\SystemVerilog\projekt\projekt_basys3\fpga\build\ecg_project.cache\ip\2025.2\0\b\0b9a78421fea2b2b\fir_compiler_0_sim_netlist.v ...
Done C:\Users\pbuko\Desktop\SystemVerilog\projekt\projekt_basys3\fpga\build\ecg_project.cache\ip\2025.2\0\b\0b9a78421fea2b2b\fir_compiler_0_sim_netlist.v [4 ms, 2839 lines, Verilog_2001] ...
Loading (38) C:\Users\pbuko\Desktop\SystemVerilog\projekt\projekt_basys3\sim\common\glbl.v ...
Done C:\Users\pbuko\Desktop\SystemVerilog\projekt\projekt_basys3\sim\common\glbl.v [1 ms, 85 lines, Verilog_2001] ...
*** Done parsing invocation #2 [494 ms] ***
*** Done parsing [LT 327 ms, PT 494 ms] ***
*** Total number of lines [9 045] ***
Performing post full build actions ...
Performing post full build step 1 (SRI) [3 ms] ...
Performing post full build step 2 (RI) [11 ms] ...
Performing post full build step 3 (RCP) [6 ms] ...
*** Files summary [38 total, 38 unique, 0 optimized] ***
*** Done SystemVerilog build [755 ms] ***

*** Start mixed mode extension build ***
Performing mixed post full build step (VLOG - RI) [1 ms] ...
*** Warning: UNSPECIFIED_TOP: Please specify a -top module/entity/configuration in the project build file
*** Top design candidates: work.top_ecg_basys3, work.stemi_tb, work.tb_pan_tompkins, work.top_fpga_tb, work.top_vga_tb, work.vga_timing_tb
Performing mixed post full build step (MIXED - ELAB) [761 ms] ...
Performing mixed post full build step (MIXED - UNEL) [57 ms] ...
*** Warning: UNDECLARED_MODULE: Module 'IBUF' is not declared
    at line 81 in C:\Users\pbuko\Desktop\SystemVerilog\projekt\projekt_basys3\rtl\clk_wiz_0_clk_wiz.v:81 [compile index 8]
*** Warning: UNDECLARED_MODULE: Module 'MMCME2_ADV' is not declared
    at line 122 in C:\Users\pbuko\Desktop\SystemVerilog\projekt\projekt_basys3\rtl\clk_wiz_0_clk_wiz.v:122 [compile index 8]
*** Warning: UNDECLARED_MODULE: Module 'BUFG' is not declared
    at line 188 in C:\Users\pbuko\Desktop\SystemVerilog\projekt\projekt_basys3\rtl\clk_wiz_0_clk_wiz.v:188 [compile index 8]
*** Warning: UNDECLARED_MODULE: Module 'BUFG' is not declared
    at line 197 in C:\Users\pbuko\Desktop\SystemVerilog\projekt\projekt_basys3\rtl\clk_wiz_0_clk_wiz.v:197 [compile index 8]
*** Warning: UNDECLARED_MODULE: Module 'BUFG' is not declared
    at line 202 in C:\Users\pbuko\Desktop\SystemVerilog\projekt\projekt_basys3\rtl\clk_wiz_0_clk_wiz.v:202 [compile index 8]
*** Warning: UNDECLARED_MODULE: Module 'fir_compiler_0' is not declared
    at line 102 in C:\Users\pbuko\Desktop\SystemVerilog\projekt\projekt_basys3\rtl\top_ecg.sv:102 [compile index 20]
*** Warning: UNDECLARED_MODULE: Module 'fir_compiler_notch' is not declared
    at line 114 in C:\Users\pbuko\Desktop\SystemVerilog\projekt\projekt_basys3\rtl\top_ecg.sv:114 [compile index 20]
*** Warning: UNDECLARED_MODULE: Module 'MouseCtl' is not declared
    at line 173 in C:\Users\pbuko\Desktop\SystemVerilog\projekt\projekt_basys3\rtl\top_ecg.sv:173 [compile index 20]
*** Warning: WIDTH_MISMATCH_PADDING: Assignment to 'string_len' of '5-bit' type from '4'd3' of '4-bit' type
    at line 27 in C:\Users\pbuko\Desktop\SystemVerilog\projekt\projekt_basys3\rtl\vga_bpm_display.sv:27 [compile index 22]
*** Warning: STATIC_INITIALIZATION: Explicit 'static' or 'automatic' is required when implicit static variable is initialized
    at line 53 in C:\Users\pbuko\Desktop\SystemVerilog\projekt\projekt_basys3\rtl\vga_bpm_display.sv:53 [compile index 22]
*** Warning: STATIC_INITIALIZATION: Explicit 'static' or 'automatic' is required when implicit static variable is initialized
    at line 54 in C:\Users\pbuko\Desktop\SystemVerilog\projekt\projekt_basys3\rtl\vga_bpm_display.sv:54 [compile index 22]
*** Warning: WIDTH_MISMATCH_PADDING: Assignment to 'string_len' of '5-bit' type from '4'd11' of '4-bit' type
    at line 93 in C:\Users\pbuko\Desktop\SystemVerilog\projekt\projekt_basys3\rtl\vga_ui_manager.sv:93 [compile index 33]
*** Warning: WIDTH_MISMATCH_PADDING: Assignment to 'string_len' of '5-bit' type from '4'd10' of '4-bit' type
    at line 108 in C:\Users\pbuko\Desktop\SystemVerilog\projekt\projekt_basys3\rtl\vga_ui_manager.sv:108 [compile index 33]
*** Warning: UNDECLARED_MODULE: Module 'MouseDisplay' is not declared
    at line 31 in C:\Users\pbuko\Desktop\SystemVerilog\projekt\projekt_basys3\rtl\draw_mouse.sv:31 [compile index 36]
*** Warning: UNDECLARED_MODULE: Module 'top_vga_basys3' is not declared
    at line 61 in C:\Users\pbuko\Desktop\SystemVerilog\projekt\projekt_basys3\sim\top_fpga\top_fpga_tb.sv:61 [compile index 29]
*** Warning: UNDECLARED_MODULE: Module 'top_vga' is not declared
    at line 60 in C:\Users\pbuko\Desktop\SystemVerilog\projekt\projekt_basys3\sim\top_vga\top_vga_tb.sv:60 [compile index 30]
*** Error: NON_EXISTING_PORT: Non existing port 'vcount' of module 'vga_timing'
    at line 56 in C:\Users\pbuko\Desktop\SystemVerilog\projekt\projekt_basys3\sim\vga_timing\vga_timing_tb.sv:56 [compile index 32]
*** Error: NON_EXISTING_PORT: Non existing port 'vsync' of module 'vga_timing'
    at line 57 in C:\Users\pbuko\Desktop\SystemVerilog\projekt\projekt_basys3\sim\vga_timing\vga_timing_tb.sv:57 [compile index 32]
*** Error: NON_EXISTING_PORT: Non existing port 'vblnk' of module 'vga_timing'
    at line 58 in C:\Users\pbuko\Desktop\SystemVerilog\projekt\projekt_basys3\sim\vga_timing\vga_timing_tb.sv:58 [compile index 32]
*** Error: NON_EXISTING_PORT: Non existing port 'hcount' of module 'vga_timing'
    at line 59 in C:\Users\pbuko\Desktop\SystemVerilog\projekt\projekt_basys3\sim\vga_timing\vga_timing_tb.sv:59 [compile index 32]
*** Error: NON_EXISTING_PORT: Non existing port 'hsync' of module 'vga_timing'
    at line 60 in C:\Users\pbuko\Desktop\SystemVerilog\projekt\projekt_basys3\sim\vga_timing\vga_timing_tb.sv:60 [compile index 32]
*** Error: NON_EXISTING_PORT: Non existing port 'hblnk' of module 'vga_timing'
    at line 61 in C:\Users\pbuko\Desktop\SystemVerilog\projekt\projekt_basys3\sim\vga_timing\vga_timing_tb.sv:61 [compile index 32]
*** Warning: MISSING_PORT_CONNECTION: Instance 'dut' of module 'vga_timing' is missing port connection to interface 'vga_out'
    at line 53 in C:\Users\pbuko\Desktop\SystemVerilog\projekt\projekt_basys3\sim\vga_timing\vga_timing_tb.sv:53 [compile index 32]
*** Warning: WIDTH_MISMATCH_TRUNCATION: Assignment to 'ascii_code' of '7-bit' type from 'char_string[MAX_CHARS - 1 - cu...' of '8-bit' type
    at line 46 in C:\Users\pbuko\Desktop\SystemVerilog\projekt\projekt_basys3\rtl\vga_text_renderer.sv:46 [compile index 25]
*** Warning: ASSIGNMENT_BLOCKING: Blocking assignment of 'frame_number' in sequential logic (use non-blocking assignment)
    at line 401 in C:\Users\pbuko\Desktop\SystemVerilog\projekt\projekt_basys3\sim\common\tiff_writer.sv:401 [compile index 26]
*** Warning: WIDTH_MISMATCH_PADDING: Assignment to 'bit_counter' of '4-bit' type from '3'd7' of '3-bit' type
    at line 167 in C:\Users\pbuko\Desktop\SystemVerilog\projekt\projekt_basys3\rtl\i2c_master.sv:167 [compile index 13]
*** Warning: WIDTH_MISMATCH_PADDING: Assignment to 'bit_counter' of '4-bit' type from '3'd7' of '3-bit' type
    at line 196 in C:\Users\pbuko\Desktop\SystemVerilog\projekt\projekt_basys3\rtl\i2c_master.sv:196 [compile index 13]
*** Warning: WIDTH_MISMATCH_PADDING: Assignment to 'bit_counter' of '4-bit' type from '3'd7' of '3-bit' type
    at line 253 in C:\Users\pbuko\Desktop\SystemVerilog\projekt\projekt_basys3\rtl\i2c_master.sv:253 [compile index 13]
*** Warning: WIDTH_MISMATCH_PADDING: Assignment to 'bit_counter' of '4-bit' type from '3'd7' of '3-bit' type
    at line 282 in C:\Users\pbuko\Desktop\SystemVerilog\projekt\projekt_basys3\rtl\i2c_master.sv:282 [compile index 13]
*** Warning: WIDTH_MISMATCH_PADDING: Assignment to 'bit_counter' of '4-bit' type from '3'd7' of '3-bit' type
    at line 313 in C:\Users\pbuko\Desktop\SystemVerilog\projekt\projekt_basys3\rtl\i2c_master.sv:313 [compile index 13]
*** Warning: IMPLICIT_DECLARATION: Implicit declaration of 'is_stemi' using `default_nettype set to wire
    at line 35 in C:\Users\pbuko\Desktop\SystemVerilog\projekt\projekt_basys3\rtl\alarm_logger.sv:35 [compile index 4]
*** Warning: WIDTH_MISMATCH_PADDING: Assignment to 'ext_data_in' of '19-bit' type from 'data_in' of '16-bit' type
    at line 28 in C:\Users\pbuko\Desktop\SystemVerilog\projekt\projekt_basys3\rtl\differentiator.sv:28 [compile index 10]
*** Warning: WIDTH_MISMATCH_PADDING: Assignment to 'ext_xn1' of '19-bit' type from 'shift_reg[0]' of '16-bit' type
    at line 29 in C:\Users\pbuko\Desktop\SystemVerilog\projekt\projekt_basys3\rtl\differentiator.sv:29 [compile index 10]
*** Warning: WIDTH_MISMATCH_PADDING: Assignment to 'ext_xn3' of '19-bit' type from 'shift_reg[2]' of '16-bit' type
    at line 30 in C:\Users\pbuko\Desktop\SystemVerilog\projekt\projekt_basys3\rtl\differentiator.sv:30 [compile index 10]
*** Warning: WIDTH_MISMATCH_PADDING: Assignment to 'ext_xn4' of '19-bit' type from 'shift_reg[3]' of '16-bit' type
    at line 31 in C:\Users\pbuko\Desktop\SystemVerilog\projekt\projekt_basys3\rtl\differentiator.sv:31 [compile index 10]
*** Warning: WIDTH_MISMATCH_TRUNCATION: Assignment to 'blanking_counter' of '8-bit' type from 'BLANKING_PERIOD' of '32-bit' type
    at line 57 in C:\Users\pbuko\Desktop\SystemVerilog\projekt\projekt_basys3\rtl\adaptive_threshold.sv:57 [compile index 3]
*** Warning: UNELABORATED_MODULE: Module 'work.decalper_eb_ot_sdeen_pot_pi_dehcac_xnilix' is not elaborated
    at line 19 in C:\Users\pbuko\Desktop\SystemVerilog\projekt\projekt_basys3\fpga\build\ecg_project.cache\ip\2025.2\0\b\0b9a78421fea2b2b\fir_compiler_0_stub.v:19 [compile index 1]
*** Warning: UNELABORATED_MODULE: Module 'work.decalper_eb_ot_sdeen_pot_pi_dehcac_xnilix' is not elaborated
    at line 18 in C:\Users\pbuko\Desktop\SystemVerilog\projekt\projekt_basys3\fpga\build\ecg_project.cache\ip\2025.2\0\b\0b9a78421fea2b2b\fir_compiler_0_sim_netlist.v:18 [compile index 37]
*** Warning: UNELABORATED_MODULE: Module 'work.glbl' is not elaborated
    at line 2760 in C:\Users\pbuko\Desktop\SystemVerilog\projekt\projekt_basys3\fpga\build\ecg_project.cache\ip\2025.2\0\b\0b9a78421fea2b2b\fir_compiler_0_sim_netlist.v:2760 [compile index 37]
Performing mixed post full build step (VLOG - RD) [5 ms] ...
Performing mixed post full build step (VLOG - US) [154 ms] ...
*** Warning: DUPLICATE_MODULE: Duplicate module 'decalper_eb_ot_sdeen_pot_pi_dehcac_xnilix', already declared
    at line 19 in C:\Users\pbuko\Desktop\SystemVerilog\projekt\projekt_basys3\fpga\build\ecg_project.cache\ip\2025.2\0\b\0b9a78421fea2b2b\fir_compiler_0_stub.v
    at line 18 in C:\Users\pbuko\Desktop\SystemVerilog\projekt\projekt_basys3\fpga\build\ecg_project.cache\ip\2025.2\0\b\0b9a78421fea2b2b\fir_compiler_0_sim_netlist.v:18 [compile index 37]
*** Warning: SIGNAL_NEVER_USED: Signal 'aclk' is never used
    at line 19 in C:\Users\pbuko\Desktop\SystemVerilog\projekt\projekt_basys3\fpga\build\ecg_project.cache\ip\2025.2\0\b\0b9a78421fea2b2b\fir_compiler_0_stub.v:19 [compile index 1]
*** Warning: SIGNAL_NEVER_USED: Signal 's_axis_data_tvalid' is never used
    at line 19 in C:\Users\pbuko\Desktop\SystemVerilog\projekt\projekt_basys3\fpga\build\ecg_project.cache\ip\2025.2\0\b\0b9a78421fea2b2b\fir_compiler_0_stub.v:19 [compile index 1]
*** Warning: SIGNAL_NEVER_USED: Signal 's_axis_data_tready' is never used
    at line 19 in C:\Users\pbuko\Desktop\SystemVerilog\projekt\projekt_basys3\fpga\build\ecg_project.cache\ip\2025.2\0\b\0b9a78421fea2b2b\fir_compiler_0_stub.v:19 [compile index 1]
*** Warning: SIGNAL_NEVER_USED: Signal 's_axis_data_tdata' is never used
    at line 20 in C:\Users\pbuko\Desktop\SystemVerilog\projekt\projekt_basys3\fpga\build\ecg_project.cache\ip\2025.2\0\b\0b9a78421fea2b2b\fir_compiler_0_stub.v:20 [compile index 1]
*** Warning: SIGNAL_NEVER_USED: Signal 'm_axis_data_tvalid' is never used
    at line 20 in C:\Users\pbuko\Desktop\SystemVerilog\projekt\projekt_basys3\fpga\build\ecg_project.cache\ip\2025.2\0\b\0b9a78421fea2b2b\fir_compiler_0_stub.v:20 [compile index 1]
*** Warning: SIGNAL_NEVER_USED: Signal 'm_axis_data_tdata' is never used
    at line 20 in C:\Users\pbuko\Desktop\SystemVerilog\projekt\projekt_basys3\fpga\build\ecg_project.cache\ip\2025.2\0\b\0b9a78421fea2b2b\fir_compiler_0_stub.v:20 [compile index 1]
*** Warning: SIGNAL_NEVER_WRITTEN: Signal 'bpm_rom' is never written
    at line 17 in C:\Users\pbuko\Desktop\SystemVerilog\projekt\projekt_basys3\rtl\bpm_calculator.sv:17 [compile index 6]
*** Warning: SIGNAL_NEVER_USED: Signal 'clk_in1_clk_wiz_0_buf' is never used
    at line 79 in C:\Users\pbuko\Desktop\SystemVerilog\projekt\projekt_basys3\rtl\clk_wiz_0_clk_wiz.v:79 [compile index 8]
*** Warning: SIGNAL_NEVER_USED: Signal 'clk_in2_clk_wiz_0' is never used
    at line 80 in C:\Users\pbuko\Desktop\SystemVerilog\projekt\projekt_basys3\rtl\clk_wiz_0_clk_wiz.v:80 [compile index 8]
*** Warning: SIGNAL_NEVER_USED: Signal 'clk_out3_clk_wiz_0' is never used
    at line 97 in C:\Users\pbuko\Desktop\SystemVerilog\projekt\projekt_basys3\rtl\clk_wiz_0_clk_wiz.v:97 [compile index 8]
*** Warning: SIGNAL_NEVER_USED: Signal 'clk_out4_clk_wiz_0' is never used
    at line 98 in C:\Users\pbuko\Desktop\SystemVerilog\projekt\projekt_basys3\rtl\clk_wiz_0_clk_wiz.v:98 [compile index 8]
*** Warning: SIGNAL_NEVER_USED: Signal 'clk_out5_clk_wiz_0' is never used
    at line 99 in C:\Users\pbuko\Desktop\SystemVerilog\projekt\projekt_basys3\rtl\clk_wiz_0_clk_wiz.v:99 [compile index 8]
*** Warning: SIGNAL_NEVER_USED: Signal 'clk_out6_clk_wiz_0' is never used
    at line 100 in C:\Users\pbuko\Desktop\SystemVerilog\projekt\projekt_basys3\rtl\clk_wiz_0_clk_wiz.v:100 [compile index 8]
*** Warning: SIGNAL_NEVER_USED: Signal 'clk_out7_clk_wiz_0' is never used
    at line 101 in C:\Users\pbuko\Desktop\SystemVerilog\projekt\projekt_basys3\rtl\clk_wiz_0_clk_wiz.v:101 [compile index 8]
*** Warning: INTERNAL_GENERATED_RESET: Reset signal 'file_open' is not an input port
    at line 388 in C:\Users\pbuko\Desktop\SystemVerilog\projekt\projekt_basys3\sim\common\tiff_writer.sv:388 [compile index 26]
*** Warning: MULTIPLE_CLOCKS_BLOCK: Procedural block driven by multiple clocks (go_delayed, go)
    at line 395 in C:\Users\pbuko\Desktop\SystemVerilog\projekt\projekt_basys3\sim\common\tiff_writer.sv:395 [compile index 26]
*** Warning: SIGNAL_NEVER_READ: Signal 'stemi_alarm' is never read (connected to sub-instance output port)
    at line 33 in C:\Users\pbuko\Desktop\SystemVerilog\projekt\projekt_basys3\sim\stemi\stemi_tb.sv:33 [compile index 27]
*** Warning: SIGNAL_NEVER_READ: Signal 'bpm_out' is never read (connected to sub-instance output port)
    at line 95 in C:\Users\pbuko\Desktop\SystemVerilog\projekt\projekt_basys3\sim\stemi\stemi_tb.sv:95 [compile index 27]
*** Warning: SIGNAL_NEVER_READ: Signal 'bpm_valid_out' is never read (connected to sub-instance output port)
    at line 96 in C:\Users\pbuko\Desktop\SystemVerilog\projekt\projekt_basys3\sim\stemi\stemi_tb.sv:96 [compile index 27]
*** Warning: SIGNAL_NEVER_READ: Signal 'bpm_out' is never read (connected to sub-instance output port)
    at line 51 in C:\Users\pbuko\Desktop\SystemVerilog\projekt\projekt_basys3\sim\tb_pan_tompkins\tb_pan_tompkins.sv:51 [compile index 28]
*** Warning: SIGNAL_NEVER_READ: Signal 'bpm_valid_out' is never read (connected to sub-instance output port)
    at line 52 in C:\Users\pbuko\Desktop\SystemVerilog\projekt\projekt_basys3\sim\tb_pan_tompkins\tb_pan_tompkins.sv:52 [compile index 28]
*** Warning: PARAMETER_NEVER_USED: Parameter 'RST_START_TIME' is never used
    at line 21 in C:\Users\pbuko\Desktop\SystemVerilog\projekt\projekt_basys3\sim\vga_timing\vga_timing_tb.sv:21 [compile index 32]
*** Warning: SIGNAL_NEVER_WRITTEN: Signal 'vcount' is never written
    at line 30 in C:\Users\pbuko\Desktop\SystemVerilog\projekt\projekt_basys3\sim\vga_timing\vga_timing_tb.sv:30 [compile index 32]
*** Warning: SIGNAL_NEVER_WRITTEN: Signal 'hcount' is never written
    at line 30 in C:\Users\pbuko\Desktop\SystemVerilog\projekt\projekt_basys3\sim\vga_timing\vga_timing_tb.sv:30 [compile index 32]
*** Warning: SIGNAL_NEVER_WRITTEN: Signal 'vsync' is never written
    at line 31 in C:\Users\pbuko\Desktop\SystemVerilog\projekt\projekt_basys3\sim\vga_timing\vga_timing_tb.sv:31 [compile index 32]
*** Warning: SIGNAL_NEVER_USED: Signal 'hsync' is never used
    at line 31 in C:\Users\pbuko\Desktop\SystemVerilog\projekt\projekt_basys3\sim\vga_timing\vga_timing_tb.sv:31 [compile index 32]
*** Warning: SIGNAL_NEVER_USED: Signal 'vblnk' is never used
    at line 32 in C:\Users\pbuko\Desktop\SystemVerilog\projekt\projekt_basys3\sim\vga_timing\vga_timing_tb.sv:32 [compile index 32]
*** Warning: SIGNAL_NEVER_USED: Signal 'hblnk' is never used
    at line 32 in C:\Users\pbuko\Desktop\SystemVerilog\projekt\projekt_basys3\sim\vga_timing\vga_timing_tb.sv:32 [compile index 32]
*** Warning: SIGNAL_NEVER_READ: Signal 'GSR' is never read
    at line 2768 in C:\Users\pbuko\Desktop\SystemVerilog\projekt\projekt_basys3\fpga\build\ecg_project.cache\ip\2025.2\0\b\0b9a78421fea2b2b\fir_compiler_0_sim_netlist.v:2768 [compile index 37]
*** Warning: SIGNAL_NEVER_READ: Signal 'GTS' is never read
    at line 2769 in C:\Users\pbuko\Desktop\SystemVerilog\projekt\projekt_basys3\fpga\build\ecg_project.cache\ip\2025.2\0\b\0b9a78421fea2b2b\fir_compiler_0_sim_netlist.v:2769 [compile index 37]
*** Warning: SIGNAL_NEVER_USED: Signal 'GWE' is never used
    at line 2770 in C:\Users\pbuko\Desktop\SystemVerilog\projekt\projekt_basys3\fpga\build\ecg_project.cache\ip\2025.2\0\b\0b9a78421fea2b2b\fir_compiler_0_sim_netlist.v:2770 [compile index 37]
*** Warning: SIGNAL_NEVER_READ: Signal 'PRLD' is never read
    at line 2771 in C:\Users\pbuko\Desktop\SystemVerilog\projekt\projekt_basys3\fpga\build\ecg_project.cache\ip\2025.2\0\b\0b9a78421fea2b2b\fir_compiler_0_sim_netlist.v:2771 [compile index 37]
*** Warning: SIGNAL_NEVER_READ: Signal 'GRESTORE' is never read
    at line 2772 in C:\Users\pbuko\Desktop\SystemVerilog\projekt\projekt_basys3\fpga\build\ecg_project.cache\ip\2025.2\0\b\0b9a78421fea2b2b\fir_compiler_0_sim_netlist.v:2772 [compile index 37]
*** Warning: SIGNAL_NEVER_WRITTEN: Signal 'p_up_tmp' is never written
    at line 2773 in C:\Users\pbuko\Desktop\SystemVerilog\projekt\projekt_basys3\fpga\build\ecg_project.cache\ip\2025.2\0\b\0b9a78421fea2b2b\fir_compiler_0_sim_netlist.v:2773 [compile index 37]
*** Warning: SIGNAL_NEVER_READ: Signal 'PLL_LOCKG' is never read
    at line 2774 in C:\Users\pbuko\Desktop\SystemVerilog\projekt\projekt_basys3\fpga\build\ecg_project.cache\ip\2025.2\0\b\0b9a78421fea2b2b\fir_compiler_0_sim_netlist.v:2774 [compile index 37]
*** Warning: SIGNAL_NEVER_USED: Signal 'PROGB_GLBL' is never used
    at line 2776 in C:\Users\pbuko\Desktop\SystemVerilog\projekt\projekt_basys3\fpga\build\ecg_project.cache\ip\2025.2\0\b\0b9a78421fea2b2b\fir_compiler_0_sim_netlist.v:2776 [compile index 37]
*** Warning: SIGNAL_NEVER_USED: Signal 'CCLKO_GLBL' is never used
    at line 2777 in C:\Users\pbuko\Desktop\SystemVerilog\projekt\projekt_basys3\fpga\build\ecg_project.cache\ip\2025.2\0\b\0b9a78421fea2b2b\fir_compiler_0_sim_netlist.v:2777 [compile index 37]
*** Warning: SIGNAL_NEVER_USED: Signal 'FCSBO_GLBL' is never used
    at line 2778 in C:\Users\pbuko\Desktop\SystemVerilog\projekt\projekt_basys3\fpga\build\ecg_project.cache\ip\2025.2\0\b\0b9a78421fea2b2b\fir_compiler_0_sim_netlist.v:2778 [compile index 37]
*** Warning: SIGNAL_NEVER_USED: Signal 'DO_GLBL' is never used
    at line 2779 in C:\Users\pbuko\Desktop\SystemVerilog\projekt\projekt_basys3\fpga\build\ecg_project.cache\ip\2025.2\0\b\0b9a78421fea2b2b\fir_compiler_0_sim_netlist.v:2779 [compile index 37]
*** Warning: SIGNAL_NEVER_USED: Signal 'DI_GLBL' is never used
    at line 2780 in C:\Users\pbuko\Desktop\SystemVerilog\projekt\projekt_basys3\fpga\build\ecg_project.cache\ip\2025.2\0\b\0b9a78421fea2b2b\fir_compiler_0_sim_netlist.v:2780 [compile index 37]
*** Warning: SIGNAL_NEVER_USED: Signal 'JTAG_TDO_GLBL' is never used
    at line 2788 in C:\Users\pbuko\Desktop\SystemVerilog\projekt\projekt_basys3\fpga\build\ecg_project.cache\ip\2025.2\0\b\0b9a78421fea2b2b\fir_compiler_0_sim_netlist.v:2788 [compile index 37]
*** Warning: SIGNAL_NEVER_USED: Signal 'JTAG_TCK_GLBL' is never used
    at line 2789 in C:\Users\pbuko\Desktop\SystemVerilog\projekt\projekt_basys3\fpga\build\ecg_project.cache\ip\2025.2\0\b\0b9a78421fea2b2b\fir_compiler_0_sim_netlist.v:2789 [compile index 37]
*** Warning: SIGNAL_NEVER_USED: Signal 'JTAG_TDI_GLBL' is never used
    at line 2790 in C:\Users\pbuko\Desktop\SystemVerilog\projekt\projekt_basys3\fpga\build\ecg_project.cache\ip\2025.2\0\b\0b9a78421fea2b2b\fir_compiler_0_sim_netlist.v:2790 [compile index 37]
*** Warning: SIGNAL_NEVER_USED: Signal 'JTAG_TMS_GLBL' is never used
    at line 2791 in C:\Users\pbuko\Desktop\SystemVerilog\projekt\projekt_basys3\fpga\build\ecg_project.cache\ip\2025.2\0\b\0b9a78421fea2b2b\fir_compiler_0_sim_netlist.v:2791 [compile index 37]
*** Warning: SIGNAL_NEVER_USED: Signal 'JTAG_TRST_GLBL' is never used
    at line 2792 in C:\Users\pbuko\Desktop\SystemVerilog\projekt\projekt_basys3\fpga\build\ecg_project.cache\ip\2025.2\0\b\0b9a78421fea2b2b\fir_compiler_0_sim_netlist.v:2792 [compile index 37]
*** Warning: SIGNAL_NEVER_USED: Signal 'JTAG_CAPTURE_GLBL' is never used
    at line 2794 in C:\Users\pbuko\Desktop\SystemVerilog\projekt\projekt_basys3\fpga\build\ecg_project.cache\ip\2025.2\0\b\0b9a78421fea2b2b\fir_compiler_0_sim_netlist.v:2794 [compile index 37]
*** Warning: SIGNAL_NEVER_USED: Signal 'JTAG_RESET_GLBL' is never used
    at line 2795 in C:\Users\pbuko\Desktop\SystemVerilog\projekt\projekt_basys3\fpga\build\ecg_project.cache\ip\2025.2\0\b\0b9a78421fea2b2b\fir_compiler_0_sim_netlist.v:2795 [compile index 37]
*** Warning: SIGNAL_NEVER_USED: Signal 'JTAG_SHIFT_GLBL' is never used
    at line 2796 in C:\Users\pbuko\Desktop\SystemVerilog\projekt\projekt_basys3\fpga\build\ecg_project.cache\ip\2025.2\0\b\0b9a78421fea2b2b\fir_compiler_0_sim_netlist.v:2796 [compile index 37]
*** Warning: SIGNAL_NEVER_USED: Signal 'JTAG_UPDATE_GLBL' is never used
    at line 2797 in C:\Users\pbuko\Desktop\SystemVerilog\projekt\projekt_basys3\fpga\build\ecg_project.cache\ip\2025.2\0\b\0b9a78421fea2b2b\fir_compiler_0_sim_netlist.v:2797 [compile index 37]
*** Warning: SIGNAL_NEVER_USED: Signal 'JTAG_RUNTEST_GLBL' is never used
    at line 2798 in C:\Users\pbuko\Desktop\SystemVerilog\projekt\projekt_basys3\fpga\build\ecg_project.cache\ip\2025.2\0\b\0b9a78421fea2b2b\fir_compiler_0_sim_netlist.v:2798 [compile index 37]
*** Warning: SIGNAL_NEVER_READ: Signal 'JTAG_SEL1_GLBL' is never read
    at line 2800 in C:\Users\pbuko\Desktop\SystemVerilog\projekt\projekt_basys3\fpga\build\ecg_project.cache\ip\2025.2\0\b\0b9a78421fea2b2b\fir_compiler_0_sim_netlist.v:2800 [compile index 37]
*** Warning: SIGNAL_NEVER_READ: Signal 'JTAG_SEL2_GLBL' is never read
    at line 2801 in C:\Users\pbuko\Desktop\SystemVerilog\projekt\projekt_basys3\fpga\build\ecg_project.cache\ip\2025.2\0\b\0b9a78421fea2b2b\fir_compiler_0_sim_netlist.v:2801 [compile index 37]
*** Warning: SIGNAL_NEVER_READ: Signal 'JTAG_SEL3_GLBL' is never read
    at line 2802 in C:\Users\pbuko\Desktop\SystemVerilog\projekt\projekt_basys3\fpga\build\ecg_project.cache\ip\2025.2\0\b\0b9a78421fea2b2b\fir_compiler_0_sim_netlist.v:2802 [compile index 37]
*** Warning: SIGNAL_NEVER_READ: Signal 'JTAG_SEL4_GLBL' is never read
    at line 2803 in C:\Users\pbuko\Desktop\SystemVerilog\projekt\projekt_basys3\fpga\build\ecg_project.cache\ip\2025.2\0\b\0b9a78421fea2b2b\fir_compiler_0_sim_netlist.v:2803 [compile index 37]
*** Warning: SIGNAL_NEVER_READ: Signal 'JTAG_USER_TDO1_GLBL' is never read
    at line 2805 in C:\Users\pbuko\Desktop\SystemVerilog\projekt\projekt_basys3\fpga\build\ecg_project.cache\ip\2025.2\0\b\0b9a78421fea2b2b\fir_compiler_0_sim_netlist.v:2805 [compile index 37]
*** Warning: SIGNAL_NEVER_READ: Signal 'JTAG_USER_TDO2_GLBL' is never read
    at line 2806 in C:\Users\pbuko\Desktop\SystemVerilog\projekt\projekt_basys3\fpga\build\ecg_project.cache\ip\2025.2\0\b\0b9a78421fea2b2b\fir_compiler_0_sim_netlist.v:2806 [compile index 37]
*** Warning: SIGNAL_NEVER_READ: Signal 'JTAG_USER_TDO3_GLBL' is never read
    at line 2807 in C:\Users\pbuko\Desktop\SystemVerilog\projekt\projekt_basys3\fpga\build\ecg_project.cache\ip\2025.2\0\b\0b9a78421fea2b2b\fir_compiler_0_sim_netlist.v:2807 [compile index 37]
*** Warning: SIGNAL_NEVER_READ: Signal 'JTAG_USER_TDO4_GLBL' is never read
    at line 2808 in C:\Users\pbuko\Desktop\SystemVerilog\projekt\projekt_basys3\fpga\build\ecg_project.cache\ip\2025.2\0\b\0b9a78421fea2b2b\fir_compiler_0_sim_netlist.v:2808 [compile index 37]
*** Done mixed mode extension build [999 ms] ***
*** Total build time [2s.791ms] ***
